  Determining projects to restore...
  All projects are up-to-date for restore.
  Domain -> C:\Users\DELL\Desktop\DoAnTotNghiep\Domain\bin\Debug\net8.0\Domain.dll
  Apllication -> C:\Users\DELL\Desktop\DoAnTotNghiep\Apllication\bin\Debug\net8.0\Apllication.dll
  Infrastructure -> C:\Users\DELL\Desktop\DoAnTotNghiep\Infrastructure\bin\Debug\net8.0\Infrastructure.dll
C:\Users\DELL\Desktop\DoAnTotNghiep\api\Services\KanbanNotificationService.cs(14,26): error CS0246: The type or namespace name 'IThongBaoRepository' could not be found (are you missing a using directive or an assembly reference?) [C:\Users\DELL\Desktop\DoAnTotNghiep\api\api.csproj]
C:\Users\DELL\Desktop\DoAnTotNghiep\api\Services\KanbanNotificationService.cs(16,77): error CS0246: The type or namespace name 'IThongBaoRepository' could not be found (are you missing a using directive or an assembly reference?) [C:\Users\DELL\Desktop\DoAnTotNghiep\api\api.csproj]

Build FAILED.

C:\Users\DELL\Desktop\DoAnTotNghiep\api\Services\KanbanNotificationService.cs(14,26): error CS0246: The type or namespace name 'IThongBaoRepository' could not be found (are you missing a using directive or an assembly reference?) [C:\Users\DELL\Desktop\DoAnTotNghiep\api\api.csproj]
C:\Users\DELL\Desktop\DoAnTotNghiep\api\Services\KanbanNotificationService.cs(16,77): error CS0246: The type or namespace name 'IThongBaoRepository' could not be found (are you missing a using directive or an assembly reference?) [C:\Users\DELL\Desktop\DoAnTotNghiep\api\api.csproj]
    0 Warning(s)
    2 Error(s)

Time Elapsed 00:00:01.85
